[0m18:14:54.512940 [debug] [MainThread]: Sending event: {'category': 'dbt', 'action': 'invocation', 'label': 'start', 'context': [<snowplow_tracker.self_describing_json.SelfDescribingJson object at 0x0000025ED8868090>, <snowplow_tracker.self_describing_json.SelfDescribingJson object at 0x0000025ED886B110>, <snowplow_tracker.self_describing_json.SelfDescribingJson object at 0x0000025ED8868050>]}


============================== 18:14:54.655263 | 93d11968-74b1-403d-ab00-bbeda043869c ==============================
[0m18:14:54.655263 [info ] [MainThread]: Running with dbt=1.11.8
[0m18:14:54.657263 [debug] [MainThread]: running dbt with arguments {'static_parser': 'True', 'no_print': 'None', 'version_check': 'True', 'target_path': 'None', 'warn_error_options': 'WarnErrorOptionsV2(error=[], warn=[], silence=[])', 'printer_width': '80', 'write_json': 'True', 'empty': 'None', 'log_cache_events': 'False', 'introspect': 'True', 'cache_selected_only': 'False', 'fail_fast': 'False', 'debug': 'False', 'log_format': 'default', 'profiles_dir': 'C:\\Users\\shubh\\.dbt', 'send_anonymous_usage_stats': 'True', 'quiet': 'False', 'warn_error': 'None', 'partial_parse': 'True', 'invocation_command': 'dbt init', 'indirect_selection': 'eager', 'use_colors': 'True', 'use_experimental_parser': 'False', 'log_path': 'logs'}
[0m18:16:18.369230 [debug] [MainThread]: Starter project path: C:\Users\shubh\Downloads\DBT project\.venv\Lib\site-packages\dbt\include\starter_project
[0m18:16:18.437291 [info ] [MainThread]: 
Your new dbt project "shubh_dbt_youtube" was created!

For more information on how to configure the profiles.yml file,
please consult the dbt documentation here:

  https://docs.getdbt.com/docs/configure-your-profile

One more thing:

Need help? Don't hesitate to reach out to us via GitHub issues or on Slack:

  https://community.getdbt.com/

Happy modeling!

[0m18:16:18.438298 [info ] [MainThread]: Setting up your profile.
[0m18:17:27.156563 [debug] [MainThread]: Spark adapter: Setting pyhive.hive logging to ERROR
[0m18:17:27.158056 [debug] [MainThread]: Spark adapter: Setting thrift.transport logging to ERROR
[0m18:17:27.159066 [debug] [MainThread]: Spark adapter: Setting thrift.protocol logging to ERROR
[0m18:24:55.930839 [info ] [MainThread]: Profile shubh_dbt_youtube written to C:\Users\shubh\.dbt\profiles.yml using target's profile_template.yml and your supplied values. Run 'dbt debug' to validate the connection.
[0m18:24:55.938397 [debug] [MainThread]: Command `dbt init` succeeded at 18:24:55.937854 after 601.63 seconds
[0m18:24:55.940390 [debug] [MainThread]: Sending event: {'category': 'dbt', 'action': 'invocation', 'label': 'end', 'context': [<snowplow_tracker.self_describing_json.SelfDescribingJson object at 0x0000025ED859BD10>, <snowplow_tracker.self_describing_json.SelfDescribingJson object at 0x0000025ED2711F10>, <snowplow_tracker.self_describing_json.SelfDescribingJson object at 0x0000025ECFFBC710>]}
[0m18:24:55.943396 [debug] [MainThread]: Flushing usage events
[0m18:24:57.814031 [debug] [MainThread]: An error was encountered while trying to flush usage events
[0m18:25:07.187649 [debug] [MainThread]: Sending event: {'category': 'dbt', 'action': 'invocation', 'label': 'start', 'context': [<snowplow_tracker.self_describing_json.SelfDescribingJson object at 0x0000021951E30890>, <snowplow_tracker.self_describing_json.SelfDescribingJson object at 0x0000021951E632D0>, <snowplow_tracker.self_describing_json.SelfDescribingJson object at 0x0000021951E62A90>]}


============================== 18:25:07.198656 | 4ef9aadf-8109-416d-9ad0-5bcf592ac398 ==============================
[0m18:25:07.198656 [info ] [MainThread]: Running with dbt=1.11.8
[0m18:25:07.199656 [debug] [MainThread]: running dbt with arguments {'version_check': 'True', 'no_print': 'None', 'static_parser': 'True', 'warn_error_options': 'WarnErrorOptionsV2(error=[], warn=[], silence=[])', 'target_path': 'None', 'printer_width': '80', 'write_json': 'True', 'introspect': 'True', 'log_cache_events': 'False', 'empty': 'None', 'cache_selected_only': 'False', 'log_format': 'default', 'debug': 'False', 'fail_fast': 'False', 'profiles_dir': 'C:\\Users\\shubh\\.dbt', 'send_anonymous_usage_stats': 'True', 'quiet': 'False', 'warn_error': 'None', 'partial_parse': 'True', 'indirect_selection': 'eager', 'use_colors': 'True', 'invocation_command': 'dbt debug', 'use_experimental_parser': 'False', 'log_path': 'logs'}
[0m18:25:07.446621 [info ] [MainThread]: dbt version: 1.11.8
[0m18:25:07.447622 [info ] [MainThread]: python version: 3.11.9
[0m18:25:07.448782 [info ] [MainThread]: python path: C:\Users\shubh\Downloads\DBT project\.venv\Scripts\python.exe
[0m18:25:07.449784 [info ] [MainThread]: os info: Windows-10-10.0.26200-SP0
[0m18:25:07.455791 [info ] [MainThread]: Error importing adapter: No module named 'dbt.adapters.snowflake'
[0m18:25:10.083209 [debug] [MainThread]: Spark adapter: Setting pyhive.hive logging to ERROR
[0m18:25:10.084246 [debug] [MainThread]: Spark adapter: Setting thrift.transport logging to ERROR
[0m18:25:10.085248 [debug] [MainThread]: Spark adapter: Setting thrift.protocol logging to ERROR
[0m18:25:15.512627 [info ] [MainThread]: Using profiles dir at C:\Users\shubh\.dbt
[0m18:25:15.513589 [info ] [MainThread]: Using profiles.yml file at C:\Users\shubh\.dbt\profiles.yml
[0m18:25:15.514589 [info ] [MainThread]: Using dbt_project.yml file at C:\Users\shubh\Downloads\DBT project\dbt_project.yml
[0m18:25:15.514589 [info ] [MainThread]: Configuration:
[0m18:25:15.515589 [info ] [MainThread]:   profiles.yml file [[31mERROR invalid[0m]
[0m18:25:15.516589 [info ] [MainThread]:   dbt_project.yml file [[31mERROR not found[0m]
[0m18:25:15.516589 [info ] [MainThread]: Required dependencies:
[0m18:25:15.517780 [debug] [MainThread]: Executing "git --help"
[0m18:25:15.612470 [debug] [MainThread]: STDOUT: "b"usage: git [-v | --version] [-h | --help] [-C <path>] [-c <name>=<value>]\n           [--exec-path[=<path>]] [--html-path] [--man-path] [--info-path]\n           [-p | --paginate | -P | --no-pager] [--no-replace-objects] [--no-lazy-fetch]\n           [--no-optional-locks] [--no-advice] [--bare] [--git-dir=<path>]\n           [--work-tree=<path>] [--namespace=<name>] [--config-env=<name>=<envvar>]\n           <command> [<args>]\n\nThese are common Git commands used in various situations:\n\nstart a working area (see also: git help tutorial)\n   clone      Clone a repository into a new directory\n   init       Create an empty Git repository or reinitialize an existing one\n\nwork on the current change (see also: git help everyday)\n   add        Add file contents to the index\n   mv         Move or rename a file, a directory, or a symlink\n   restore    Restore working tree files\n   rm         Remove files from the working tree and from the index\n\nexamine the history and state (see also: git help revisions)\n   bisect     Use binary search to find the commit that introduced a bug\n   diff       Show changes between commits, commit and working tree, etc\n   grep       Print lines matching a pattern\n   log        Show commit logs\n   show       Show various types of objects\n   status     Show the working tree status\n\ngrow, mark and tweak your common history\n   backfill   Download missing objects in a partial clone\n   branch     List, create, or delete branches\n   commit     Record changes to the repository\n   merge      Join two or more development histories together\n   rebase     Reapply commits on top of another base tip\n   reset      Reset current HEAD to the specified state\n   switch     Switch branches\n   tag        Create, list, delete or verify a tag object signed with GPG\n\ncollaborate (see also: git help workflows)\n   fetch      Download objects and refs from another repository\n   pull       Fetch from and integrate with another repository or a local branch\n   push       Update remote refs along with associated objects\n\n'git help -a' and 'git help -g' list available subcommands and some\nconcept guides. See 'git help <command>' or 'git help <concept>'\nto read about a specific subcommand or concept.\nSee 'git help git' for an overview of the system.\n""
[0m18:25:15.613440 [debug] [MainThread]: STDERR: "b''"
[0m18:25:15.614428 [info ] [MainThread]:  - git [[32mOK found[0m]

[0m18:25:15.615430 [info ] [MainThread]: Connection test skipped since no profile was found
[0m18:25:15.616426 [info ] [MainThread]: [31m2 checks failed:[0m
[0m18:25:15.616426 [info ] [MainThread]: Could not load dbt_project.yml
Profile loading failed for the following reason:
Runtime Error
  Credentials in profile "aws_dbt_snowflake_project", target "dev" invalid: Runtime Error
    Could not find adapter type snowflake!


[0m18:25:15.617933 [info ] [MainThread]: Project loading failed for the following reason:
 project path <C:\Users\shubh\Downloads\DBT project\dbt_project.yml> not found

[0m18:25:15.619945 [debug] [MainThread]: Command `dbt debug` failed at 18:25:15.619945 after 8.54 seconds
[0m18:25:15.619945 [debug] [MainThread]: Sending event: {'category': 'dbt', 'action': 'invocation', 'label': 'end', 'context': [<snowplow_tracker.self_describing_json.SelfDescribingJson object at 0x000002194BD02510>, <snowplow_tracker.self_describing_json.SelfDescribingJson object at 0x0000021951E7FF10>, <snowplow_tracker.self_describing_json.SelfDescribingJson object at 0x0000021951B9BD10>]}
[0m18:25:15.619945 [debug] [MainThread]: Flushing usage events
[0m18:25:17.087628 [debug] [MainThread]: An error was encountered while trying to flush usage events
[0m18:28:51.456356 [debug] [MainThread]: Sending event: {'category': 'dbt', 'action': 'invocation', 'label': 'start', 'context': [<snowplow_tracker.self_describing_json.SelfDescribingJson object at 0x000001DB84432190>, <snowplow_tracker.self_describing_json.SelfDescribingJson object at 0x000001DB843FBBD0>, <snowplow_tracker.self_describing_json.SelfDescribingJson object at 0x000001DB84431DD0>]}


============================== 18:28:51.461892 | 9383e085-155c-4b34-9b28-a37b63d8e148 ==============================
[0m18:28:51.461892 [info ] [MainThread]: Running with dbt=1.11.8
[0m18:28:51.462891 [debug] [MainThread]: running dbt with arguments {'static_parser': 'True', 'no_print': 'None', 'version_check': 'True', 'warn_error_options': 'WarnErrorOptionsV2(error=[], warn=[], silence=[])', 'target_path': 'None', 'printer_width': '80', 'write_json': 'True', 'introspect': 'True', 'log_cache_events': 'False', 'empty': 'None', 'cache_selected_only': 'False', 'fail_fast': 'False', 'debug': 'False', 'log_format': 'default', 'profiles_dir': 'C:\\Users\\shubh\\.dbt', 'send_anonymous_usage_stats': 'True', 'quiet': 'False', 'warn_error': 'None', 'partial_parse': 'True', 'use_colors': 'True', 'invocation_command': 'dbt debug', 'indirect_selection': 'eager', 'use_experimental_parser': 'False', 'log_path': 'logs'}
[0m18:28:51.507867 [info ] [MainThread]: dbt version: 1.11.8
[0m18:28:51.509157 [info ] [MainThread]: python version: 3.11.9
[0m18:28:51.510164 [info ] [MainThread]: python path: C:\Users\shubh\Downloads\DBT project\.venv\Scripts\python.exe
[0m18:28:51.510164 [info ] [MainThread]: os info: Windows-10-10.0.26200-SP0
[0m18:28:51.516195 [info ] [MainThread]: Error importing adapter: No module named 'dbt.adapters.snowflake'
[0m18:28:52.546266 [debug] [MainThread]: Spark adapter: Setting pyhive.hive logging to ERROR
[0m18:28:52.546266 [debug] [MainThread]: Spark adapter: Setting thrift.transport logging to ERROR
[0m18:28:52.547265 [debug] [MainThread]: Spark adapter: Setting thrift.protocol logging to ERROR
[0m18:28:54.155906 [info ] [MainThread]: Using profiles dir at C:\Users\shubh\.dbt
[0m18:28:54.156906 [info ] [MainThread]: Using profiles.yml file at C:\Users\shubh\.dbt\profiles.yml
[0m18:28:54.157908 [info ] [MainThread]: Using dbt_project.yml file at C:\Users\shubh\Downloads\DBT project\dbt_project.yml
[0m18:28:54.158909 [info ] [MainThread]: Configuration:
[0m18:28:54.158909 [info ] [MainThread]:   profiles.yml file [[31mERROR invalid[0m]
[0m18:28:54.159909 [info ] [MainThread]:   dbt_project.yml file [[31mERROR not found[0m]
[0m18:28:54.160910 [info ] [MainThread]: Required dependencies:
[0m18:28:54.160910 [debug] [MainThread]: Executing "git --help"
[0m18:28:55.259196 [debug] [MainThread]: STDOUT: "b"usage: git [-v | --version] [-h | --help] [-C <path>] [-c <name>=<value>]\n           [--exec-path[=<path>]] [--html-path] [--man-path] [--info-path]\n           [-p | --paginate | -P | --no-pager] [--no-replace-objects] [--no-lazy-fetch]\n           [--no-optional-locks] [--no-advice] [--bare] [--git-dir=<path>]\n           [--work-tree=<path>] [--namespace=<name>] [--config-env=<name>=<envvar>]\n           <command> [<args>]\n\nThese are common Git commands used in various situations:\n\nstart a working area (see also: git help tutorial)\n   clone      Clone a repository into a new directory\n   init       Create an empty Git repository or reinitialize an existing one\n\nwork on the current change (see also: git help everyday)\n   add        Add file contents to the index\n   mv         Move or rename a file, a directory, or a symlink\n   restore    Restore working tree files\n   rm         Remove files from the working tree and from the index\n\nexamine the history and state (see also: git help revisions)\n   bisect     Use binary search to find the commit that introduced a bug\n   diff       Show changes between commits, commit and working tree, etc\n   grep       Print lines matching a pattern\n   log        Show commit logs\n   show       Show various types of objects\n   status     Show the working tree status\n\ngrow, mark and tweak your common history\n   backfill   Download missing objects in a partial clone\n   branch     List, create, or delete branches\n   commit     Record changes to the repository\n   merge      Join two or more development histories together\n   rebase     Reapply commits on top of another base tip\n   reset      Reset current HEAD to the specified state\n   switch     Switch branches\n   tag        Create, list, delete or verify a tag object signed with GPG\n\ncollaborate (see also: git help workflows)\n   fetch      Download objects and refs from another repository\n   pull       Fetch from and integrate with another repository or a local branch\n   push       Update remote refs along with associated objects\n\n'git help -a' and 'git help -g' list available subcommands and some\nconcept guides. See 'git help <command>' or 'git help <concept>'\nto read about a specific subcommand or concept.\nSee 'git help git' for an overview of the system.\n""
[0m18:28:55.260197 [debug] [MainThread]: STDERR: "b''"
[0m18:28:55.261197 [info ] [MainThread]:  - git [[32mOK found[0m]

[0m18:28:55.262198 [info ] [MainThread]: Connection test skipped since no profile was found
[0m18:28:55.263197 [info ] [MainThread]: [31m2 checks failed:[0m
[0m18:28:55.264198 [info ] [MainThread]: Could not load dbt_project.yml
Profile loading failed for the following reason:
Runtime Error
  Credentials in profile "aws_dbt_snowflake_project", target "dev" invalid: Runtime Error
    Could not find adapter type snowflake!


[0m18:28:55.266199 [info ] [MainThread]: Project loading failed for the following reason:
 project path <C:\Users\shubh\Downloads\DBT project\dbt_project.yml> not found

[0m18:28:55.268198 [debug] [MainThread]: Command `dbt debug` failed at 18:28:55.268198 after 3.90 seconds
[0m18:28:55.269198 [debug] [MainThread]: Sending event: {'category': 'dbt', 'action': 'invocation', 'label': 'end', 'context': [<snowplow_tracker.self_describing_json.SelfDescribingJson object at 0x000001DB84463D10>, <snowplow_tracker.self_describing_json.SelfDescribingJson object at 0x000001DB9985CB10>, <snowplow_tracker.self_describing_json.SelfDescribingJson object at 0x000001DB84463550>]}
[0m18:28:55.270197 [debug] [MainThread]: Flushing usage events
[0m18:28:56.868790 [debug] [MainThread]: An error was encountered while trying to flush usage events
[0m18:31:35.347025 [debug] [MainThread]: Sending event: {'category': 'dbt', 'action': 'invocation', 'label': 'start', 'context': [<snowplow_tracker.self_describing_json.SelfDescribingJson object at 0x0000028040831B50>, <snowplow_tracker.self_describing_json.SelfDescribingJson object at 0x0000028040806490>, <snowplow_tracker.self_describing_json.SelfDescribingJson object at 0x0000028040832410>]}


============================== 18:31:35.352032 | c438569b-5663-45cc-a01c-6835e157f754 ==============================
[0m18:31:35.352032 [info ] [MainThread]: Running with dbt=1.11.8
[0m18:31:35.353026 [debug] [MainThread]: running dbt with arguments {'version_check': 'True', 'no_print': 'None', 'static_parser': 'True', 'warn_error_options': 'WarnErrorOptionsV2(error=[], warn=[], silence=[])', 'target_path': 'None', 'printer_width': '80', 'write_json': 'True', 'empty': 'None', 'log_cache_events': 'False', 'introspect': 'True', 'cache_selected_only': 'False', 'log_format': 'default', 'debug': 'False', 'fail_fast': 'False', 'profiles_dir': 'C:\\Users\\shubh\\.dbt', 'send_anonymous_usage_stats': 'True', 'quiet': 'False', 'warn_error': 'None', 'partial_parse': 'True', 'indirect_selection': 'eager', 'use_colors': 'True', 'invocation_command': 'dbt debug', 'use_experimental_parser': 'False', 'log_path': 'logs'}
[0m18:31:35.375054 [info ] [MainThread]: dbt version: 1.11.8
[0m18:31:35.376028 [info ] [MainThread]: python version: 3.11.9
[0m18:31:35.377027 [info ] [MainThread]: python path: C:\Users\shubh\Downloads\DBT project\.venv\Scripts\python.exe
[0m18:31:35.378026 [info ] [MainThread]: os info: Windows-10-10.0.26200-SP0
[0m18:31:35.384030 [info ] [MainThread]: Error importing adapter: No module named 'dbt.adapters.snowflake'
[0m18:31:36.304025 [debug] [MainThread]: Spark adapter: Setting pyhive.hive logging to ERROR
[0m18:31:36.305030 [debug] [MainThread]: Spark adapter: Setting thrift.transport logging to ERROR
[0m18:31:36.306024 [debug] [MainThread]: Spark adapter: Setting thrift.protocol logging to ERROR
[0m18:31:37.008025 [info ] [MainThread]: Using profiles dir at C:\Users\shubh\.dbt
[0m18:31:37.009026 [info ] [MainThread]: Using profiles.yml file at C:\Users\shubh\.dbt\profiles.yml
[0m18:31:37.010046 [info ] [MainThread]: Using dbt_project.yml file at C:\Users\shubh\Downloads\DBT project\dbt_project.yml
[0m18:31:37.011027 [info ] [MainThread]: Configuration:
[0m18:31:37.012027 [info ] [MainThread]:   profiles.yml file [[31mERROR invalid[0m]
[0m18:31:37.013030 [info ] [MainThread]:   dbt_project.yml file [[31mERROR not found[0m]
[0m18:31:37.014026 [info ] [MainThread]: Required dependencies:
[0m18:31:37.015026 [debug] [MainThread]: Executing "git --help"
[0m18:31:37.265024 [debug] [MainThread]: STDOUT: "b"usage: git [-v | --version] [-h | --help] [-C <path>] [-c <name>=<value>]\n           [--exec-path[=<path>]] [--html-path] [--man-path] [--info-path]\n           [-p | --paginate | -P | --no-pager] [--no-replace-objects] [--no-lazy-fetch]\n           [--no-optional-locks] [--no-advice] [--bare] [--git-dir=<path>]\n           [--work-tree=<path>] [--namespace=<name>] [--config-env=<name>=<envvar>]\n           <command> [<args>]\n\nThese are common Git commands used in various situations:\n\nstart a working area (see also: git help tutorial)\n   clone      Clone a repository into a new directory\n   init       Create an empty Git repository or reinitialize an existing one\n\nwork on the current change (see also: git help everyday)\n   add        Add file contents to the index\n   mv         Move or rename a file, a directory, or a symlink\n   restore    Restore working tree files\n   rm         Remove files from the working tree and from the index\n\nexamine the history and state (see also: git help revisions)\n   bisect     Use binary search to find the commit that introduced a bug\n   diff       Show changes between commits, commit and working tree, etc\n   grep       Print lines matching a pattern\n   log        Show commit logs\n   show       Show various types of objects\n   status     Show the working tree status\n\ngrow, mark and tweak your common history\n   backfill   Download missing objects in a partial clone\n   branch     List, create, or delete branches\n   commit     Record changes to the repository\n   merge      Join two or more development histories together\n   rebase     Reapply commits on top of another base tip\n   reset      Reset current HEAD to the specified state\n   switch     Switch branches\n   tag        Create, list, delete or verify a tag object signed with GPG\n\ncollaborate (see also: git help workflows)\n   fetch      Download objects and refs from another repository\n   pull       Fetch from and integrate with another repository or a local branch\n   push       Update remote refs along with associated objects\n\n'git help -a' and 'git help -g' list available subcommands and some\nconcept guides. See 'git help <command>' or 'git help <concept>'\nto read about a specific subcommand or concept.\nSee 'git help git' for an overview of the system.\n""
[0m18:31:37.267026 [debug] [MainThread]: STDERR: "b''"
[0m18:31:37.268027 [info ] [MainThread]:  - git [[32mOK found[0m]

[0m18:31:37.269027 [info ] [MainThread]: Connection test skipped since no profile was found
[0m18:31:37.270027 [info ] [MainThread]: [31m2 checks failed:[0m
[0m18:31:37.271026 [info ] [MainThread]: Could not load dbt_project.yml
Profile loading failed for the following reason:
Runtime Error
  Credentials in profile "aws_dbt_snowflake_project", target "dev" invalid: Runtime Error
    Could not find adapter type snowflake!


[0m18:31:37.271026 [info ] [MainThread]: Project loading failed for the following reason:
 project path <C:\Users\shubh\Downloads\DBT project\dbt_project.yml> not found

[0m18:31:37.273027 [debug] [MainThread]: Command `dbt debug` failed at 18:31:37.273027 after 2.01 seconds
[0m18:31:37.274025 [debug] [MainThread]: Sending event: {'category': 'dbt', 'action': 'invocation', 'label': 'end', 'context': [<snowplow_tracker.self_describing_json.SelfDescribingJson object at 0x00000280408652D0>, <snowplow_tracker.self_describing_json.SelfDescribingJson object at 0x00000280409124D0>, <snowplow_tracker.self_describing_json.SelfDescribingJson object at 0x0000028040831B50>]}
[0m18:31:37.274025 [debug] [MainThread]: Flushing usage events
[0m18:31:38.638837 [debug] [MainThread]: An error was encountered while trying to flush usage events
[0m18:35:22.087019 [debug] [MainThread]: Sending event: {'category': 'dbt', 'action': 'invocation', 'label': 'start', 'context': [<snowplow_tracker.self_describing_json.SelfDescribingJson object at 0x0000021C12606850>, <snowplow_tracker.self_describing_json.SelfDescribingJson object at 0x0000021C12632D90>, <snowplow_tracker.self_describing_json.SelfDescribingJson object at 0x0000021C126320D0>]}


============================== 18:35:22.093020 | 4db2bcd6-b3fd-4e61-8275-4a7368434821 ==============================
[0m18:35:22.093020 [info ] [MainThread]: Running with dbt=1.11.8
[0m18:35:22.095025 [debug] [MainThread]: running dbt with arguments {'static_parser': 'True', 'no_print': 'None', 'version_check': 'True', 'warn_error_options': 'WarnErrorOptionsV2(error=[], warn=[], silence=[])', 'target_path': 'None', 'printer_width': '80', 'write_json': 'True', 'empty': 'None', 'log_cache_events': 'False', 'introspect': 'True', 'cache_selected_only': 'False', 'fail_fast': 'False', 'debug': 'False', 'log_format': 'default', 'partial_parse': 'True', 'send_anonymous_usage_stats': 'True', 'quiet': 'False', 'warn_error': 'None', 'profiles_dir': 'C:\\Users\\shubh\\.dbt', 'use_colors': 'True', 'indirect_selection': 'eager', 'invocation_command': 'dbt init', 'use_experimental_parser': 'False', 'log_path': 'logs'}
[0m18:35:52.513222 [info ] [MainThread]: A project called shubh_dbt_youtube already exists here.
[0m18:35:52.516256 [debug] [MainThread]: Command `dbt init` succeeded at 18:35:52.515219 after 30.57 seconds
[0m18:35:52.517216 [debug] [MainThread]: Sending event: {'category': 'dbt', 'action': 'invocation', 'label': 'end', 'context': [<snowplow_tracker.self_describing_json.SelfDescribingJson object at 0x0000021C0C4A2450>, <snowplow_tracker.self_describing_json.SelfDescribingJson object at 0x0000021C09E6C510>, <snowplow_tracker.self_describing_json.SelfDescribingJson object at 0x0000021C09E6C250>]}
[0m18:35:52.518217 [debug] [MainThread]: Flushing usage events
[0m18:35:53.983454 [debug] [MainThread]: An error was encountered while trying to flush usage events
